// Jest Snapshot v1, https://goo.gl/fbAQLP

exports[`LDProvider render app 1`] = `
<Provider
  value={
    Object {
      "error": undefined,
      "flagKeyMap": Object {},
      "flags": Object {},
      "ldClient": undefined,
    }
  }
>
  <div>
    My App
  </div>
</Provider>
`;
